// Jest Snapshot v1, https://goo.gl/fbAQLP

exports[`should render ExpenseListItem component 1`] = `
<div>
  <Link
    to="/edit/1"
  >
    <h1>
      rent
    </h1>
  </Link>
  <p>
    $10.10
    -
    December 31st, 1969
  </p>
</div>
`;
