// Jest Snapshot v1, https://goo.gl/fbAQLP

exports[`should return ExpenseList component with empty message 1`] = `
<div>
  <p>
    No expenses
  </p>
</div>
`;

exports[`should return ExpenseList component with expenses 1`] = `
<div>
  <ExpenseListItem
    amount={10095}
    createdAt={0}
    description="rent"
    id={1}
    key="1"
    note=""
  />
  <ExpenseListItem
    amount={100}
    createdAt={-345600000}
    description="Credit Card"
    id={2}
    key="2"
    note=""
  />
  <ExpenseListItem
    amount={200}
    createdAt={345600000}
    description="bill"
    id={3}
    key="3"
    note=""
  />
</div>
`;
